after login: http://localhost/Itara/dashboard?from_startup=1
OK: dashboard
OK: topology
OK: assets
OK: asset_create
OK: asset_detail
OK: asset_edit
OK: asset_import
OK: assets_retired
OK: licenses
OK: license_create
OK: license_detail
OK: license_edit
OK: disposals
OK: disposal_detail
OK: departments
OK: history
OK: messages
OK: profile
OK: users
OK: user_create
OK: user_edit
OK: settings
OK: tickets
OK: ticket_edit
OK: tickets_my_history
OK: tickets_manage
OK: tickets_history
OK: tickets_analytics
OK: tickets_instructions
OK: tickets_backup
